// Jest Snapshot v1, https://goo.gl/fbAQLP

exports[`render the chooser 1`] = `
<DocumentFragment>
  <div
    class="neo-popover neo-popover--column columns--grid"
  >
    <div
      class="neo-popover__column column__grid"
    >
      <div
        class="column__chooser"
      >
        <div
          class="column__header"
        >
          <div
            class=""
          >
            <strong>
              Column Chooser
            </strong>
          </div>
        </div>
        <div
          class="column__body"
        >
          <div>
            <input
              class="custom__ctrl"
              placeholder="Search column"
              type="text"
            />
          </div>
          <div
            class="column__selectAll"
          >
            <div
              class="column__checkbox"
            >
              <input
                checked=""
                data-testid="selectAllColumns"
                id="selectallcolumncheckbox"
                type="checkbox"
              />
            </div>
            <div
              class="column__txt"
            >
              Select all
            </div>
          </div>
          <div
            class="column__wrap"
          >
            <div
              class="column__checkbox"
            >
              <input
                checked=""
                data-testid="checkBox"
                id="checkboxtoselectreorder_FlightNo"
                type="checkbox"
              />
            </div>
            <div
              class="column__txt"
            >
              FlightNo
            </div>
          </div>
          <div
            class="column__wrap"
          >
            <div
              class="column__checkbox"
            >
              <input
                checked=""
                data-testid="checkBox"
                id="checkboxtoselectreorder_Date"
                type="checkbox"
              />
            </div>
            <div
              class="column__txt"
            >
              Date
            </div>
          </div>
          <div
            class="column__wrap"
          >
            <div
              class="column__checkbox"
            >
              <input
                checked=""
                data-testid="checkBox"
                id="checkboxtoselectreorder_Segment From"
                type="checkbox"
              />
            </div>
            <div
              class="column__txt"
            >
              Segment From
            </div>
          </div>
        </div>
      </div>
      <div
        class="column__settings"
      >
        <div
          class="column__header"
        >
          <div
            class="column__headerTxt"
          >
            <strong>
              Column Settings
            </strong>
          </div>
          <div
            class="column__close"
          >
            <i>
              <img
                alt="Column chooser Close Icon"
                src="[object Object]"
              />
            </i>
          </div>
        </div>
        <div
          class="column__body"
        >
          <div
            class="column__info"
          >
            <strong>
                  Selected Column Count : 3
            </strong>
            <strong>
                  Left Pinned Column Count Remaining : 2
            </strong>
          </div>
          <div
            data-testid="columnItem"
            style="display: flex; flex-wrap: wrap;"
          >
            <div
              style="cursor: move; opacity: 1;"
            >
              <div
                class="column__reorder"
              >
                <div
                  class="column_drag"
                  style="cursor: move;"
                >
                  <i>
                    <img
                      alt="Column Chooser Drag Icon"
                      src="[object Object]"
                    />
                  </i>
                </div>
                <div
                  class="column__reorder__name"
                >
                  FlightNo
                </div>
                <div
                  class="column__innerCells__wrap"
                >
                  <div
                    class="column__wrap"
                  >
                    <div
                      class="column__checkbox"
                    >
                      <input
                        checked=""
                        id="checkBoxToPinLeft_FlightNo"
                        role="button"
                        type="checkbox"
                      />
                    </div>
                    <div
                      class="column__txt"
                    >
                      Pin Left
                    </div>
                  </div>
                </div>
              </div>
            </div>
            <div
              style="cursor: move; opacity: 1;"
            >
              <div
                class="column__reorder"
              >
                <div
                  class="column_drag"
                  style="cursor: move;"
                >
                  <i>
                    <img
                      alt="Column Chooser Drag Icon"
                      src="[object Object]"
                    />
                  </i>
                </div>
                <div
                  class="column__reorder__name"
                >
                  Date
                </div>
                <div
                  class="column__innerCells__wrap"
                >
                  <div
                    class="column__wrap"
                  >
                    <div
                      class="column__checkbox"
                    >
                      <input
                        checked=""
                        id="checkBoxToPinLeft_Date"
                        role="button"
                        type="checkbox"
                      />
                    </div>
                    <div
                      class="column__txt"
                    >
                      Pin Left
                    </div>
                  </div>
                </div>
              </div>
            </div>
            <div
              style="cursor: move; opacity: 1;"
            >
              <div
                class="column__reorder"
              >
                <div
                  class="column_drag"
                  style="cursor: move;"
                >
                  <i>
                    <img
                      alt="Column Chooser Drag Icon"
                      src="[object Object]"
                    />
                  </i>
                </div>
                <div
                  class="column__reorder__name"
                >
                  Segment From
                </div>
                <div
                  class="column__innerCells__wrap"
                >
                  <div
                    class="column__wrap"
                  >
                    <div
                      class="column__checkbox"
                    >
                      <input
                        checked=""
                        id="checkBoxToPinLeft_Segment From"
                        role="button"
                        type="checkbox"
                      />
                    </div>
                    <div
                      class="column__txt"
                    >
                      Pin Left
                    </div>
                  </div>
                </div>
              </div>
            </div>
          </div>
        </div>
        <div
          class="column__footer"
        >
          <div
            class="column__btns"
          >
            <button
              class="btns"
              data-testid="resetButton"
              type="button"
            >
              Reset
            </button>
            <button
              class="btns"
              data-testid="cancelButton"
              type="button"
            >
              Cancel
            </button>
            <button
              class="btns btns__save"
              data-testid="saveButton"
              type="button"
            >
              Save
            </button>
          </div>
        </div>
      </div>
    </div>
  </div>
</DocumentFragment>
`;
